==========================================================================
 metafuzz_density-5 : GUE RIGIDITY AS A VOLUME-FLUCTUATION LAW
 unfold every L by its OWN Hyp-1 cone volume N(T); test universal GUE
==========================================================================

[mod3_quad] using 1200 repo chi3 zeros; sampled worst |L| = 8.73e-13 (gate 1e-12)

[mod4_quad] generating exact zeros ...
  [mod4_quad] scanning t in (0.5, 1421] step 0.08 (target 1200 zeros, q=4) ...
  [mod4_quad] scan 17761 pts in 88.5s; refining minima ...
  [mod4_quad] refined 1230 exact zeros in 447.6s (worst |L| re-checked below).

[mod5_quad] generating exact zeros ...
  [mod5_quad] scanning t in (0.5, 1421] step 0.08 (target 1200 zeros, q=5) ...
  [mod5_quad] scan 17761 pts in 133.3s; refining minima ...
  [mod5_quad] refined 1230 exact zeros in 2033.3s (worst |L| re-checked below).

[mod5_quartic_CPLX] generating exact zeros ...
  [mod5_quartic_CPLX] scanning t in (0.5, 1421] step 0.08 (target 1200 zeros, q=5) ...
  [mod5_quartic_CPLX] scan 17761 pts in 88.4s; refining minima ...
  [mod5_quartic_CPLX] refined 1230 exact zeros in 769.5s (worst |L| re-checked below).

[mod7_quad] generating exact zeros ...
  [mod7_quad] scanning t in (0.5, 1421] step 0.08 (target 1200 zeros, q=7) ...
  [mod7_quad] scan 17761 pts in 187.0s; refining minima ...
  [mod7_quad] refined 1230 exact zeros in 1087.9s (worst |L| re-checked below).

--------------------------------------------------------------------------
EXACT-ZERO INVENTORY  (constraint 2: every gamma has |L(1/2+i g)|<1e-12)
--------------------------------------------------------------------------
  mod3_quad            q=3  N= 1200  gamma in [8.040, 1373.73]  worst|L|(sample)=5.85e-13
  mod4_quad            q=4  N= 1200  gamma in [6.021, 1329.01]  worst|L|(sample)=6.50e-13
  mod5_quad            q=5  N= 1200  gamma in [6.648, 1298.20]  worst|L|(sample)=4.16e-13
  mod5_quartic_CPLX    q=5  N= 1200  gamma in [6.184, 1303.69]  worst|L|(sample)=4.62e-13
  mod7_quad            q=7  N= 1200  gamma in [4.476, 1241.52]  worst|L|(sample)=3.97e-13

--------------------------------------------------------------------------
UNFOLDING by EXACT Hyp-1 cone volume  x_n = N(gamma_n; q)
--------------------------------------------------------------------------
  mod3_quad            mean s=1.0000 (target 1) std=0.348  decile range [0.996,1.003]
  mod4_quad            mean s=1.0124 (target 1) std=0.364  decile range [1.001,1.029]
  mod5_quad            mean s=1.0231 (target 1) std=0.408  decile range [1.002,1.074]
  mod5_quartic_CPLX    mean s=1.0282 (target 1) std=0.416  decile range [1.000,1.088]
  mod7_quad            mean s=1.0267 (target 1) std=0.406  decile range [1.001,1.082]

==========================================================================
3a. NEAREST-NEIGHBOR SPACING  P(s)  vs GUE Wigner surmise
==========================================================================
character               mean   <s^2>  fr s<.1  KS_GUE    p_GUE  KS_Poi    p_Poi
(GUE target)           1.000   1.273   ~0.001
mod3_quad              1.000   1.121   0.0008   0.063  1.2e-04   0.338 2.3e-122
mod4_quad              1.000   1.129   0.0000   0.056  1.2e-03   0.330 3.9e-117
mod5_quad              1.000   1.159   0.0000   0.056  1.2e-03   0.331 1.2e-117
mod5_quartic_CPLX      1.000   1.164   0.0000   0.056  1.1e-03   0.326 5.6e-114
mod7_quad              1.000   1.156   0.0000   0.055  1.3e-03   0.331 3.0e-117

  PAIRWISE KS on unfolded spacings (universality: p>0.05 => same law):
    mod3_quad            vs mod4_quad             KS=0.025  p=0.847  OK
    mod3_quad            vs mod5_quad             KS=0.039  p=0.316  OK
    mod3_quad            vs mod5_quartic_CPLX     KS=0.042  p=0.248  OK
    mod3_quad            vs mod7_quad             KS=0.042  p=0.248  OK
    mod4_quad            vs mod5_quad             KS=0.030  p=0.652  OK
    mod4_quad            vs mod5_quartic_CPLX     KS=0.033  p=0.550  OK
    mod4_quad            vs mod7_quad             KS=0.025  p=0.847  OK
    mod5_quad            vs mod5_quartic_CPLX     KS=0.025  p=0.847  OK
    mod5_quad            vs mod7_quad             KS=0.018  p=0.993  OK
    mod5_quartic_CPLX    vs mod7_quad             KS=0.015  p=0.999  OK
  -> 10/10 character pairs are statistically the SAME spacing law.

==========================================================================
3b. NUMBER VARIANCE  Sigma^2(L)  vs GUE  (1/pi^2)(log 2pi L + gE + 1)
==========================================================================
    L  mod3_quad  mod4_quad  mod5_quad  mod5_quar  mod7_quad       GUE    Poi=L
 0.50     0.2642     0.2605     0.2609     0.2619     0.2581    0.2758     0.50
 0.75     0.2751     0.2734     0.2795     0.2791     0.2791    0.3169     0.75
 1.00     0.2834     0.2876     0.2964     0.2993     0.2982    0.3460     1.00
 1.50     0.2992     0.3116     0.3399     0.3447     0.3443    0.3871     1.50
 2.00     0.2957     0.3097     0.3650     0.3783     0.3728    0.4163     2.00
 3.00     0.3046     0.3063     0.4291     0.4391     0.4392    0.4573     3.00
 4.00     0.3220     0.2931     0.4647     0.4762     0.4607    0.4865     4.00
 5.00     0.3267     0.2878     0.4589     0.4648     0.4767    0.5091     5.00
 7.00     0.2395     0.3288     0.4545     0.4694     0.4909    0.5432     7.00
10.00     0.2627     0.3721     0.4924     0.5311     0.5272    0.5793    10.00
15.00     0.2699     0.4382     0.7412     0.7876     0.7667    0.6204    15.00
20.00     0.2814     0.4772     0.8231     0.8907     0.8392    0.6496    20.00
30.00     0.2972     0.5444     1.1338     1.4269     1.2705    0.6906    30.00

  RATIO Sigma^2_data / Sigma^2_GUE  in 1<=L<=5 (GUE=1, Poisson grows ->):
    mod3_quad            ratio = 0.712
    mod4_quad            ratio = 0.703
    mod5_quad            ratio = 0.901
    mod5_quartic_CPLX    ratio = 0.919
    mod7_quad            ratio = 0.915

==========================================================================
3c. PAIR CORRELATION  R2(r)  vs GUE 1-(sin pi r/pi r)^2
==========================================================================
    r  mod3_quad  mod4_quad  mod5_quad  mod5_quar  mod7_quad       GUE    Poi
 0.08      0.017      0.000      0.000      0.000      0.000     0.018   1.00
 0.18      0.017      0.017      0.034      0.034      0.017     0.097   1.00
 0.28      0.067      0.017      0.000      0.034      0.034     0.225   1.00
 0.47      0.366      0.438      0.477      0.565      0.410     0.554   1.00
 0.68      0.616      0.961      1.073      0.890      0.975     0.838   1.00
 0.98      1.066      1.180      1.056      1.336      1.146     0.999   1.00
 1.48      0.999      1.012      0.852      0.959      0.821     0.954   1.00
 1.98      0.866      0.995      0.767      1.027      1.009     1.000   1.00
 2.98      0.983      1.248      0.903      1.062      0.650     1.000   1.00

  RMS deviation of R2 from GUE (0.1<r<3):
    mod3_quad            RMS(GUE)=0.156  RMS(Poisson)=0.361  -> closer to GUE
    mod4_quad            RMS(GUE)=0.123  RMS(Poisson)=0.347  -> closer to GUE
    mod5_quad            RMS(GUE)=0.140  RMS(Poisson)=0.353  -> closer to GUE
    mod5_quartic_CPLX    RMS(GUE)=0.144  RMS(Poisson)=0.352  -> closer to GUE
    mod7_quad            RMS(GUE)=0.139  RMS(Poisson)=0.352  -> closer to GUE

==========================================================================
3d. FORM FACTOR  K(tau)  vs GUE (ramp tau<1, plateau 1)
==========================================================================
character             ramp(0.1<t<0.8) K/tau   plateau(1.3<t<2.4) K
(GUE target)                          1.000                  1.000
mod3_quad                             0.751                  0.961
mod4_quad                             0.839                  1.086
mod5_quad                             0.848                  1.065
mod5_quartic_CPLX                     0.863                  1.031
mod7_quad                             0.818                  1.015

==========================================================================
VERDICT
==========================================================================
  Spacing universality: 10/10 character pairs same law (need all).
  (full numbers above; honest read in the script's final summary print)

[done in 5092.0s]
