=== L1_zeta_q1 (Riemann zeta, q = 1) ===
L1_zeta_q1: 50 zeros, t ~ 143.1118458
L1_zeta_q1: 100 zeros, t ~ 236.5242297
L1_zeta_q1: 150 zeros, t ~ 318.8531043
L1_zeta_q1: 200 zeros, t ~ 396.3818542
L1_zeta_q1: 250 zeros, t ~ 470.7736555
L1_zeta_q1: 300 zeros, t ~ 541.8474371
L1_zeta_q1: 350 zeros, t ~ 611.7742096
L1_zeta_q1: 400 zeros, t ~ 679.7421979
L1_zeta_q1: 450 zeros, t ~ 746.4993059
L1_zeta_q1: 500 zeros, t ~ 811.1843588
L1_zeta_q1: vs old reference (first 100): max|diff| = 5.043e-13
L1_zeta_q1: done in 67.9s -> /Users/samuellavery/proof/three/numerics/zeros_500x50/L1_zeta_q1.txt
=== L2_chi3_q3 (Dirichlet L of chi_3, the unique primitive character mod 3 () ===
L2_chi3_q3: branch +1, reality residual 2.12e-30
L2_chi3_q3: 25 zeros, t ~ 63.17699277
L2_chi3_q3: 50 zeros, t ~ 106.2460618
L2_chi3_q3: 75 zeros, t ~ 144.251664
L2_chi3_q3: 100 zeros, t ~ 180.4313868
L2_chi3_q3: 125 zeros, t ~ 214.9211262
L2_chi3_q3: 150 zeros, t ~ 248.3912475
L2_chi3_q3: 175 zeros, t ~ 280.8797119
L2_chi3_q3: 200 zeros, t ~ 312.43767
L2_chi3_q3: 225 zeros, t ~ 343.7348358
L2_chi3_q3: 250 zeros, t ~ 374.1996509
L2_chi3_q3: 275 zeros, t ~ 404.9146957
L2_chi3_q3: 300 zeros, t ~ 434.3424537
L2_chi3_q3: 325 zeros, t ~ 463.6047524
L2_chi3_q3: 350 zeros, t ~ 492.1076379
L2_chi3_q3: 375 zeros, t ~ 520.7624337
L2_chi3_q3: 400 zeros, t ~ 549.8863728
L2_chi3_q3: 425 zeros, t ~ 577.2413641
L2_chi3_q3: 450 zeros, t ~ 605.3082027
L2_chi3_q3: 475 zeros, t ~ 632.8038271
L2_chi3_q3: 500 zeros, t ~ 660.3047366
L2_chi3_q3: vs old reference (first 100): max|diff| = 4.940e-13
L2_chi3_q3: done in 295.1s -> /Users/samuellavery/proof/three/numerics/zeros_500x50/L2_chi3_q3.txt
=== L3_chi4_q4 (Dirichlet L of chi_4, the unique primitive character mod 4 () ===
L3_chi4_q4: branch +1, reality residual 2.36e-30
L3_chi4_q4: 25 zeros, t ~ 58.11670711
L3_chi4_q4: 50 zeros, t ~ 98.75530042
L3_chi4_q4: 75 zeros, t ~ 135.4908373
L3_chi4_q4: 100 zeros, t ~ 170.0511312
L3_chi4_q4: 125 zeros, t ~ 202.260578
L3_chi4_q4: 150 zeros, t ~ 234.3517877
L3_chi4_q4: 175 zeros, t ~ 264.9328591
L3_chi4_q4: 200 zeros, t ~ 295.8034708
L3_chi4_q4: 225 zeros, t ~ 325.474784
L3_chi4_q4: 250 zeros, t ~ 354.3017377
L3_chi4_q4: 275 zeros, t ~ 383.4850924
L3_chi4_q4: 300 zeros, t ~ 411.6605715
L3_chi4_q4: 325 zeros, t ~ 439.5375694
L3_chi4_q4: 350 zeros, t ~ 467.4698784
L3_chi4_q4: 375 zeros, t ~ 494.8408819
L3_chi4_q4: 400 zeros, t ~ 521.8414814
L3_chi4_q4: 425 zeros, t ~ 548.9435323
L3_chi4_q4: 450 zeros, t ~ 575.9555576
L3_chi4_q4: 475 zeros, t ~ 602.1346745
L3_chi4_q4: 500 zeros, t ~ 628.8248333
L3_chi4_q4: vs old reference (first 100): max|diff| = 4.918e-13
L3_chi4_q4: done in 272.9s -> /Users/samuellavery/proof/three/numerics/zeros_500x50/L3_chi4_q4.txt
=== L4_chi5quad_q5 (Dirichlet L of the even quadratic character mod 5 (Legendre ) ===
L4_chi5quad_q5: branch +1, reality residual 4.71e-30
L4_chi5quad_q5: 25 zeros, t ~ 55.58928034
L4_chi5quad_q5: 50 zeros, t ~ 93.39442394
L4_chi5quad_q5: 75 zeros, t ~ 129.0483001
L4_chi5quad_q5: 100 zeros, t ~ 161.7676626
L4_chi5quad_q5: 125 zeros, t ~ 193.5366786
L4_chi5quad_q5: 150 zeros, t ~ 224.5905696
L4_chi5quad_q5: 175 zeros, t ~ 254.6995428
L4_chi5quad_q5: 200 zeros, t ~ 283.9346052
L4_chi5quad_q5: 225 zeros, t ~ 312.830128
L4_chi5quad_q5: 250 zeros, t ~ 341.2601361
L4_chi5quad_q5: 275 zeros, t ~ 368.6219609
L4_chi5quad_q5: 300 zeros, t ~ 396.4389185
L4_chi5quad_q5: 325 zeros, t ~ 423.3768221
L4_chi5quad_q5: 350 zeros, t ~ 450.5786712
L4_chi5quad_q5: 375 zeros, t ~ 476.7848913
L4_chi5quad_q5: 400 zeros, t ~ 503.010482
L4_chi5quad_q5: 425 zeros, t ~ 528.8346176
L4_chi5quad_q5: 450 zeros, t ~ 554.8438428
L4_chi5quad_q5: 475 zeros, t ~ 580.9074619
L4_chi5quad_q5: 500 zeros, t ~ 606.4413632
L4_chi5quad_q5: vs old reference (first 100): max|diff| = 5.007e-13
L4_chi5quad_q5: done in 537.3s -> /Users/samuellavery/proof/three/numerics/zeros_500x50/L4_chi5quad_q5.txt
total runtime: 1173.2s
